const loading = [
'[    0.000000] kernel: KASLR enabled',
'[    0.000000] kernel: random: crng init done',
'[    0.000000] kernel: Reserved memory: created CMA memory pool at 0x000000000bc00000, size 512 MiB',
'[    0.000000] kernel: OF: reserved mem: initialized node linux,cma, compatible id shared-dma-pool',
'[    0.000000] kernel: OF: reserved mem: 0x000000000bc00000..0x000000002bbfffff (524288 KiB) map reusable linux,cma',
'[    0.000000] kernel: OF: reserved mem: 0x000000003ef642c0..0x000000003ef646bf (1 KiB) nomap non-reusable nvram@1',
'[    0.000000] kernel: OF: reserved mem: 0x000000003ef64700..0x000000003ef64735 (0 KiB) nomap non-reusable nvram@0',
'[    0.000000] kernel: Zone ranges:',
'[    0.000000] kernel:   DMA      [mem 0x0000000000000000-0x000000003fffffff]',
'[    0.000000] kernel:   DMA32    [mem 0x0000000040000000-0x00000000ffffffff]',
'[    0.000000] kernel:   Normal   [mem 0x0000000100000000-0x00000001ffffffff]',
'[    0.000000] kernel: Movable zone start for each node',
'[    0.000000] kernel: Early memory node ranges',
'[    0.000000] kernel:   node   0: [mem 0x0000000000000000-0x000000003b3fffff]',
'[    0.000000] kernel:   node   0: [mem 0x0000000040000000-0x00000000fbffffff]',
'[    0.000000] kernel:   node   0: [mem 0x0000000100000000-0x00000001ffffffff]',
'[    0.000000] kernel: Initmem setup node 0 [mem 0x0000000000000000-0x00000001ffffffff]',
'[    0.000000] kernel: On node 0, zone DMA32: 19456 pages in unavailable ranges',
'[    0.000000] kernel: On node 0, zone Normal: 16384 pages in unavailable ranges',
'[    0.000000] kernel: percpu: Embedded 52 pages/cpu s88232 r8192 d116568 u212992',
'[    0.000000] kernel: pcpu-alloc: s88232 r8192 d116568 u212992 alloc=52*4096',
'[    0.000000] kernel: pcpu-alloc: [0] 0 [0] 1 [0] 2 [0] 3',
'[    0.000000] kernel: Detected PIPT I-cache on CPU0',
'[    0.000000] kernel: CPU features: detected: Spectre-v2',
'[    0.000000] kernel: CPU features: detected: Spectre-v3a',
'[    0.000000] kernel: CPU features: detected: Spectre-v4',
'[    0.000000] kernel: CPU features: detected: Spectre-BHB',
'[    0.000000] kernel: CPU features: kernel page table isolation forced ON by KASLR',
'[    0.000000] kernel: CPU features: detected: Kernel page table isolation (KPTI)',
'[    0.000000] kernel: CPU features: detected: ARM erratum 1742098',
'[    0.000000] kernel: CPU features: detected: ARM errata 1165522, 1319367, or 1530923',
'[    0.000000] kernel: alternatives: applying boot alternatives',
'[    0.000000] kernel: Unknown kernel command line parameters "fixrtc multipath=off", will be passed to user space.',
'[    0.000000] kernel: Dentry cache hash table entries: 1048576 (order: 11, 8388608 bytes, linear)',
'[    0.000000] kernel: Inode-cache hash table entries: 524288 (order: 10, 4194304 bytes, linear)',
'[    0.000000] kernel: Built 1 zonelists, mobility grouping on.  Total pages: 2028848',
'[    0.000000] kernel: mem auto-init: stack:off, heap alloc:off, heap free:off',
'[    0.000000] kernel: software IO TLB: area num 4.',
'[    0.000000] kernel: software IO TLB: mapped [mem 0x0000000037400000-0x000000003b400000] (64MB)',
'[    0.000000] kernel: Memory: 824524K/8245248K available (15040K kernel code, 3021K rwdata, 4760K rodata, 6528K init, 853K bss, 359288K reserved, 628288K cma-reserved)',
'[    0.000000] kernel: SLUB: HWalign=64, Order=0-3, MinObjects=0, CPUs=4, Nodes=1',
'[    0.000000] kernel: ftrace: allocating 44819 entries in 176 pages',
'[    0.000000] kernel: ftrace: allocated 176 pages with 3 groups',
'[    0.000000] kernel: trace event string verifier disabled',
'[    0.000000] kernel: Dynamic Preempt: full',
'[    0.000000] kernel: rcu: Preemptible hierarchical RCU implementation.',
'[    0.000000] kernel: rcu:         RCU restricting CPUs from NR_CPUS=256 to nr_cpu_ids=4.',
'[    0.000000] kernel:         Trampoline variant of Tasks RCU enabled.',
'[    0.000000] kernel:         Rude variant of Tasks RCU enabled.',
'[    0.000000] kernel:         Tracing variant of Tasks RCU enabled.',
'[    0.000000] kernel: rcu: RCU calculated value of scheduler-enlistment delay is 100 jiffies.',
'[    0.000000] kernel: rcu: Adjusting geometry for rcu_fanout_leaf=16, nr_cpu_ids=4',
'[    0.000000] kernel: NR_IRQS: 64, nr_irqs: 64, preallocated irqs: 0',
'[    0.000000] kernel: Root IRQ handler: gic_handle_irq',
'[    0.000000] kernel: GIC: Using split EOI/Deactivate mode',
'[    0.000000] kernel: rcu: srcu_init: Setting srcu_struct sizes based on contention.',
'[    0.000000] kernel: arch_timer: cp15 timer(s) running at 54.00MHz (phys).',
'[    0.000000] kernel: clocksource: arch_sys_counter: mask: 0xffffffffffffff max_cycles: 0xc743ce346, max_idle_ns: 440795203123 ns',
'[    0.000001] kernel: sched_clock: 56 bits at 54MHz, resolution 18ns, wraps every 4398046511102ns',
'[    0.000414] kernel: Console: colour dummy device 80x25',
'[    0.000436] kernel: printk: legacy console [tty1] enabled',
'[    0.001245] kernel: Calibrating delay loop (skipped), value calculated using timer frequency.. 108.00 BogoMIPS (lpj=54000)',
'[    0.001289] kernel: pid_max: default: 32768 minimum: 301',
'[    0.002192] kernel: LSM: initializing lsm=lockdown,capability,yama,apparmor,integrity',
'[    0.002710] kernel: Yama: becoming mindful.',
'[    0.002907] kernel: AppArmor: AppArmor initialized',
'[    0.003365] kernel: Mount-cache hash table entries: 16384 (order: 5, 131072 bytes, linear)',
'[    0.003479] kernel: Mountpoint-cache hash table entries: 16384 (order: 5, 131072 bytes, linear)',
'[    0.007479] kernel: RCU Tasks: Setting shift to 2 and lim to 1 rcu_task_cb_adjust=1.',
'[    0.007714] kernel: RCU Tasks Rude: Setting shift to 2 and lim to 1 rcu_task_cb_adjust=1.',
'[    0.007884] kernel: RCU Tasks Trace: Setting shift to 2 and lim to 1 rcu_task_cb_adjust=1.',
'[    0.008356] kernel: rcu: Hierarchical SRCU implementation.',
'[    0.008383] kernel: rcu:         Max phase no-delay instances is 400.',
'[    0.011426] kernel: smp: Bringing up secondary CPUs ...',
'[    0.012420] kernel: Detected PIPT I-cache on CPU1',
'[    0.012553] kernel: CPU1: Booted secondary processor 0x0000000001 [0x410fd083]',
'[    0.013667] kernel: Detected PIPT I-cache on CPU2',
'[    0.013767] kernel: CPU2: Booted secondary processor 0x0000000002 [0x410fd083]',
'[    0.014810] kernel: Detected PIPT I-cache on CPU3',
'[    0.014910] kernel: CPU3: Booted secondary processor 0x0000000003 [0x410fd083]',
'[    0.015074] kernel: smp: Brought up 1 node, 4 CPUs',
'[    0.015167] kernel: SMP: Total of 4 processors activated.',
'[    0.015188] kernel: CPU: All CPU(s) started at EL2',
'[    0.015219] kernel: CPU features: detected: 32-bit EL0 Support',
'[    0.015239] kernel: CPU features: detected: 32-bit EL1 Support',
'[    0.015262] kernel: CPU features: detected: CRC32 instructions',
'[    0.015371] kernel: alternatives: applying system-wide alternatives',
'[    0.016359] kernel: CPU features: emulated: Privileged Access Never (PAN) using TTBR0_EL1 switching',
'[    0.018672] kernel: devtmpfs: initialized',
'[    0.030491] kernel: Enabled cp15_barrier support',
'[    0.030582] kernel: Enabled setend support',
'[    0.030821] kernel: clocksource: jiffies: mask: 0xffffffff max_cycles: 0xffffffff, max_idle_ns: 1911260446275000 ns',
'[    0.030871] kernel: futex hash table entries: 1024 (order: 4, 65536 bytes, linear)',
'[    0.044055] kernel: pinctrl core: initialized pinctrl subsystem',
'[    0.045926] kernel: NET: Registered PF_NETLINK/PF_ROUTE protocol family',
'[    0.047653] kernel: DMA: preallocated 1024 KiB GFP_KERNEL pool for atomic allocations',
'[    0.047977] kernel: DMA: preallocated 1024 KiB GFP_KERNEL|GFP_DMA pool for atomic allocations',
'[    0.048804] kernel: DMA: preallocated 1024 KiB GFP_KERNEL|GFP_DMA32 pool for atomic allocations',
'[    0.048928] kernel: audit: initializing netlink subsys (disabled)',
'[    0.049243] kernel: audit: type=2000 audit(0.047:1): state=initialized audit_enabled=0 res=1', "[    0.049912] kernel: thermal_sys: Registered thermal governor 'fair_share'", "[    0.049927] kernel: thermal_sys: Registered thermal governor 'bang_bang'", "[    0.049954] kernel: thermal_sys: Registered thermal governor 'step_wise'", "[    0.049976] kernel: thermal_sys: Registered thermal governor 'user_space'",
'[    0.050076] kernel: cpuidle: using governor ladder',
'[    0.050154] kernel: cpuidle: using governor menu',
'[    0.050491] kernel: hw-breakpoint: found 6 breakpoint and 4 watchpoint registers.',
'[    0.050731] kernel: ASID allocator initialised with 32768 entries',
'[    0.052076] kernel: Serial: AMBA PL011 UART driver',
'[    0.064178] kernel: bcm2835-mbox fe00b880.mailbox: mailbox enabled',
'[    0.087263] kernel: platform fd500000.pcie: Fixed dependency cycle(s) with /scb/pcie@7d500000',
'[    0.091707] kernel: Modules: 2G module region forced by RANDOMIZE_MODULE_REGION_FULL',
'[    0.091740] kernel: Modules: 0 pages in range for non-PLT usage',
'[    0.091750] kernel: Modules: 516768 pages in range for PLT usage',
'[    0.093262] kernel: HugeTLB: registered 1.00 GiB page size, pre-allocated 0 pages',
'[    0.093307] kernel: HugeTLB: 0 KiB vmemmap can be freed for a 1.00 GiB page',
'[    0.093332] kernel: HugeTLB: registered 32.0 MiB page size, pre-allocated 0 pages',
'[    0.093354] kernel: HugeTLB: 0 KiB vmemmap can be freed for a 32.0 MiB page',
'[    0.093378] kernel: HugeTLB: registered 2.00 MiB page size, pre-allocated 0 pages',
'[    0.093400] kernel: HugeTLB: 0 KiB vmemmap can be freed for a 2.00 MiB page',
'[    0.093423] kernel: HugeTLB: registered 64.0 KiB page size, pre-allocated 0 pages',
'[    0.093444] kernel: HugeTLB: 0 KiB vmemmap can be freed for a 64.0 KiB page',
'[    0.098610] kernel: bcm2835-dma fe007000.dma-controller: DMA legacy API manager, dmachans=0x1',
'[    0.102087] kernel: iommu: Default domain type: Translated',
'[    0.102169] kernel: iommu: DMA domain TLB invalidation policy: strict mode',
'[    0.104538] kernel: SCSI subsystem initialized',
'[    0.104793] kernel: usbcore: registered new interface driver usbfs',
'[    0.104862] kernel: usbcore: registered new interface driver hub',
'[    0.104942] kernel: usbcore: registered new device driver usb',
'[    0.105058] kernel: pps_core: LinuxPPS API ver. 1 registered',
'[    0.105082] kernel: pps_core: Software ver. 5.3.6 - Copyright 2005-2007 Rodolfo Giometti <giometti@linux.it>',
'[    0.105122] kernel: PTP clock support registered',
'[    0.105207] kernel: EDAC MC: Ver: 3.0.0',
'[    0.107100] kernel: NetLabel: Initializing',
'[    0.107132] kernel: NetLabel:  domain hash size = 128',
'[    0.107153] kernel: NetLabel:  protocols = UNLABELED CIPSOv4 CALIPSO',
'[    0.107298] kernel: NetLabel:  unlabeled traffic allowed by default',
'[    0.107976] kernel: clocksource: Switched to clocksource arch_sys_counter',
'[    0.139158] kernel: VFS: Disk quotas dquot_6.6.0',
'[    0.139309] kernel: VFS: Dquot-cache hash table entries: 512 (order 0, 4096 bytes)',
'[    0.140618] kernel: AppArmor: AppArmor Filesystem Enabled',
'[    0.152886] kernel: NET: Registered PF_INET protocol family',
'[    0.153686] kernel: IP idents hash table entries: 131072 (order: 8, 1048576 bytes, linear)',
'[    0.162879] kernel: tcp_listen_portaddr_hash hash table entries: 4096 (order: 4, 65536 bytes, linear)',
'[    0.163119] kernel: Table-perturb hash table entries: 65536 (order: 6, 262144 bytes, linear)',
'[    0.163189] kernel: TCP established hash table entries: 65536 (order: 7, 524288 bytes, linear)',
'[    0.163589] kernel: TCP bind hash table entries: 65536 (order: 9, 2097152 bytes, linear)',
'[    0.166081] kernel: TCP: Hash tables configured (established 65536 bind 65536)',
'[    0.166753] kernel: MPTCP token hash table entries: 8192 (order: 5, 196608 bytes, linear)',
'[    0.167198] kernel: UDP hash table entries: 4096 (order: 5, 131072 bytes, linear)',
'[    0.167314] kernel: UDP-Lite hash table entries: 4096 (order: 5, 131072 bytes, linear)',
'[    0.167732] kernel: NET: Registered PF_UNIX/PF_LOCAL protocol family',
'[    0.167809] kernel: NET: Registered PF_XDP protocol family',
'[    0.167849] kernel: PCI: CLS 0 bytes, default 64',
'[    0.168247] kernel: Trying to unpack rootfs image as initramfs...',
'[    0.171195] kernel: kvm [1]: IPA Size Limit: 44 bits',
'[    0.172904] kernel: kvm [1]: vgic interrupt IRQ9',
'[    0.173037] kernel: kvm [1]: Hyp mode initialized successfully',
'[    0.175330] kernel: Initialise system trusted keyrings',
'[    0.175416] kernel: Key type blacklist registered',
'[    0.175820] kernel: workingset: timestamp_bits=46 max_order=21 bucket_order=0',
'[    0.176020] kernel: zbud: loaded',
'[    0.179416] kernel: squashfs: version 4.0 (2009/01/31) Phillip Lougher',
'[    0.247361] kernel: Key type asymmetric registered', "[    0.247417] kernel: Asymmetric key parser 'x509' registered",
'[    0.247547] kernel: Block layer SCSI generic (bsg) driver version 0.4 loaded (major 246)',
'[    0.247931] kernel: io scheduler mq-deadline registered',
'[    0.249191] kernel: irq_brcmstb_l2: registered L2 intc (/soc/interrupt-controller@7ef00100, parent irq: 23)',
'[    0.258059] kernel: brcm-pcie fd500000.pcie:   No bus range found for /scb/pcie@7d500000, using [bus 00-ff]',
'[    0.258160] kernel: brcm-pcie fd500000.pcie:      MEM 0x0600000000..0x063fffffff -> 0x00c0000000',
'[    0.258263] kernel: brcm-pcie fd500000.pcie:   IB MEM 0x0000000000..0x01ffffffff -> 0x0400000000',
'[    0.259627] kernel: brcm-pcie fd500000.pcie: PCI host bridge to bus 0000:00',
'[    0.259685] kernel: pci_bus 0000:00: root bus resource [bus 00-ff]',
'[    0.259717] kernel: pci_bus 0000:00: root bus resource [mem 0x600000000-0x63fffffff] (bus address [0xc0000000-0xffffffff])',
'[    0.259823] kernel: pci 0000:00:00.0: [14e4:2711] type 01 class 0x060400 PCIe Root Port',
'[    0.259902] kernel: pci 0000:00:00.0: PCI bridge to [bus 00]',
'[    0.259940] kernel: pci 0000:00:00.0:   bridge window [mem 0x638000000-0x6380fffff]',
'[    0.260168] kernel: pci 0000:00:00.0: PME# supported from D0 D3hot',
'[    0.264351] kernel: pci 0000:00:00.0: bridge configuration invalid ([bus 00-00]), reconfiguring',
'[    0.264705] kernel: pci_bus 0000:01: supply vpcie3v3 not found, using dummy regulator',
'[    0.264926] kernel: pci_bus 0000:01: supply vpcie3v3aux not found, using dummy regulator',
'[    0.265059] kernel: pci_bus 0000:01: supply vpcie12v not found, using dummy regulator',
'[    0.372051] kernel: brcm-pcie fd500000.pcie: clkreq-mode set to default',
'[    0.374189] kernel: brcm-pcie fd500000.pcie: link up, 5.0 GT/s PCIe x1 (SSC)',
'[    0.374441] kernel: pci 0000:01:00.0: [1106:3483] type 00 class 0x0c0330 PCIe Endpoint',
'[    0.374584] kernel: pci 0000:01:00.0: BAR 0 [mem 0x00000000-0x00000fff 64bit]',
'[    0.375115] kernel: pci 0000:01:00.0: PME# supported from D0 D3hot',
'[    0.379119] kernel: pci_bus 0000:01: busn_res: [bus 01-ff] end is updated to 01',
'[    0.379219] kernel: pci 0000:00:00.0: bridge window [mem 0x600000000-0x6000fffff]: assigned',
'[    0.379257] kernel: pci 0000:01:00.0: BAR 0 [mem 0x600000000-0x600000fff 64bit]: assigned',
'[    0.379314] kernel: pci 0000:00:00.0: PCI bridge to [bus 01]',
'[    0.379346] kernel: pci 0000:00:00.0:   bridge window [mem 0x600000000-0x6000fffff]',
'[    0.379800] kernel: pcieport 0000:00:00.0: enabling device (0000 -> 0002)',
'[    0.380139] kernel: pcieport 0000:00:00.0: PME: Signaling with IRQ 27',
'[    0.380723] kernel: pcieport 0000:00:00.0: AER: enabled with IRQ 27',
'[    0.381840] kernel: simple-framebuffer 3e7fe000.framebuffer: framebuffer at 0x3e7fe000, 0x3fc000 bytes',
'[    0.381886] kernel: simple-framebuffer 3e7fe000.framebuffer: format=a8r8g8b8, mode=1360x768x32, linelength=5440',
'[    0.386807] kernel: Console: switching to colour frame buffer device 170x48',
'[    0.390831] kernel: simple-framebuffer 3e7fe000.framebuffer: fb0: simplefb registered!',
'[    0.476600] kernel: Serial: 8250/16550 driver, 1 ports, IRQ sharing enabled',
'[    0.478139] kernel: bcm2835-aux-uart fe215040.serial: there is not valid maps for state default',
'[    0.480175] kernel: printk: legacy console [ttyS0] disabled',
'[    0.480903] kernel: fe215040.serial: ttyS0 at MMIO 0xfe215040 (irq = 28, base_baud = 62500000) is a 16550',
'[    0.481054] kernel: printk: legacy console [ttyS0] enabled',
'[    0.935812] kernel: Freeing initrd memory: 51176K',
'[    0.940780] kernel: iproc-rng200 fe104000.rng: hwrng registered',
'[    1.841032] kernel: vc-mem: phys_addr:0x00000000 mem_base=0x3ec00000 mem_size:0x40000000(1024 MiB)',
'[    1.861526] kernel: loop: module loaded',
'[    1.865813] kernel: bcm2835-power bcm2835-power: Broadcom BCM2835 power domains driver',
'[    1.877823] kernel: bcmgenet fd580000.ethernet: GENET 5.0 EPHY: 0x0000',
'[    2.077127] kernel: unimac-mdio unimac-mdio.-19: Broadcom UniMAC MDIO bus',
'[    2.084630] kernel: usbcore: registered new interface driver',
'[    2.090501] kernel: usbcore: registered new interface driver',
'[    2.096860] kernel: mousedev: PS/2 mouse device common for all mice',
'[    2.102606] kernel: i2c_dev: i2c /dev entries driver',
'[    2.109396] kernel: bcm2835-wdt bcm2835-wdt: Broadcom BCM2835 watchdog timer',
'[    2.120918] kernel: sdhci: Secure Digital Host Controller Interface driver',
'[    2.128761] kernel: sdhci: Copyright(c) Pierre Ossman',
'[    2.134090] kernel: sdhci-pltfm: SDHCI platform and OF driver helper',
'[    2.142680] kernel: ledtrig-cpu: registered to indicate activity on CPUs',
'[    2.149709] kernel: hid: raw HID events driver (C) Jiri Kosina',
'[    2.161562] kernel: hw perfevents: enabled with armv8_cortex_a72 PMU driver, 7 counters available',
'[    2.171219] kernel: NET: Registered PF_INET6 protocol family',
'[    2.172040] kernel: mmc1: SDHCI controller on fe300000.mmcnr [fe300000.mmcnr] using PIO',
'[    2.177131] kernel: watchdog: Delayed init of the lockup detector failed: -19',
'[    2.192891] kernel: watchdog: Hard watchdog permanently disabled',
'[    2.204637] kernel: Segment Routing with IPv6',
'[    2.209249] kernel: In-situ OAM (IOAM) with IPv6',
'[    2.214091] kernel: NET: Registered PF_PACKET protocol family',
'[    2.220134] kernel: Key type dns_resolver registered',
'[    2.228497] kernel: registered taskstats version 1',
'[    2.233636] kernel: Loading compiled-in X.509 certificates',
'[    2.260483] kernel: mmc1: new high speed SDIO card at address 0001',
'[    2.280666] kernel: blacklist: Loading compiled-in revocation X.509 certificates',
'[    2.388824] kernel: Key type .fscrypt registered',
'[    2.393681] kernel: Key type fscrypt-provisioning registered',
'[    2.473855] kernel: Key type encrypted registered',
'[    2.478813] kernel: AppArmor: AppArmor sha256 policy hashing enabled',
'[    2.485481] kernel: ima: No TPM chip found, activating TPM-bypass!',
'[    2.491842] kernel: ima: Allocated hash algorithm: sha1',
'[    2.497182] kernel: ima: No architecture policies found',
'[    2.502527] kernel: evm: Initialising EVM extended attributes:',
'[    2.508466] kernel: evm: security.selinux',
'[    2.512541] kernel: evm: security.SMACK64',
'[    2.516619] kernel: evm: security.SMACK64EXEC',
'[    2.521038] kernel: evm: security.SMACK64TRANSMUTE',
'[    2.525884] kernel: evm: security.SMACK64MMAP',
'[    2.530302] kernel: evm: security.apparmor',
'[    2.534436] kernel: evm: security.ima',
'[    2.538116] kernel: evm: security.capability',
'[    2.542404] kernel: evm: HMAC attrs: 0x1',
'[    2.550153] kernel: uart-pl011 fd209210.serial: there is not valid maps for state default',
'[    2.558791] kernel: uart-pl011 fe205032.serial: cts_event_workaround enabled',
'[    2.566155] kernel: ft510932.serial: ttyAMA1 at MMIO 0xfe2 (base_baud = 0) is a PL01 rev2',
'[    2.576013] kernel: serial serial0: tty port ttyAMA1 registered',
'[    2.582612] kernel: of_cfs_init',
'[    2.585874] kernel: of_cfs_init: OK',
'[    2.589532] kernel: clk: Disabling unused clocks',
'[    2.631377] kernel: mmc0: SDHCI controller on fe340000.mmc [fe340000.mmc] using ADMA',
'[    2.648563] kernel: Freeing unused kernel memory: 6528K',
'[    2.695708] kernel: Checked W+X mappings: passed, no W+X pages found',
'[    2.702231] kernel: Run /init as init process',
'[    2.706667] kernel:   with arguments:',
'[    2.706674] kernel:     /init',
'[    2.706678] kernel:     fixrtc',
'[    2.706682] kernel:   with environment:',
'[    2.706686] kernel:     HOME=/',
'[    2.706690] kernel:     TERM=linux',
'[    2.706694] kernel:     multipath=off',
'[    2.748570] kernel: mmc0: new ultra high speed DDR50 SDXC card at address 59b4',
'[    2.756576] kernel: mmcblk0: mmc0:59b4 ED2S5 119 GiB',
'[    2.764293] kernel:  mmcblk0: p1 p2',
'[    2.768411] kernel: mmcblk0: mmc0:59b4 ED2S5 119 GiB',
'[    3.425145] kernel: xhci_hcd 0000:01:00.0: xHCI Host Controller',
'[    3.433222] kernel: xhci_hcd 0000:01:00.0: new USB bus registered, assigned bus number 1',
'[    3.452853] kernel: xhci_hcd 0000:01:00.0: hcc params hci version 0x100 quirks',
'[    3.463697] kernel: xhci_hcd 0000:01:00.0: xHCI Host Controller',
'[    3.469845] kernel: xhci_hcd 0000:01:00.0: new USB bus registered, assigned bus number 2',
'[    3.478367] kernel: dwc2 fe980000.usb: supply vusb_d not found, using dummy regulator',
'[    3.486645] kernel: xhci_hcd 0000:01:00.0: Host supports USB 3.0 SuperSpeed',
'[    3.491196] kernel: dwc2 fe980000.usb: supply vusb_a not found, using dummy regulator',
'[    3.494125] kernel: usb usb1: New USB device found',
'[    3.511257] kernel: usb usb1: New USB device strings: Mfr=3',
'[    3.519412] kernel: usb usb1: Product: xHCI Host Controller',
'[    3.525260] kernel: usb usb1: Manufacturer: Linux 6.8.0',
'[    3.532458] kernel: usb usb1: SerialNumber: 0000:01:00.0',
'[    3.538461] kernel: hub 1-0:1.0: USB hub found',
'[    3.543223] kernel: hub 1-0:1.0: 1 port detected',
'[    3.548664] kernel: usb usb2: New USB device found',
'[    3.557968] kernel: usb usb2: New USB device strings: Mfr=3',
'[    3.566211] kernel: usb usb2: Product: xHCI Host Controller',
'[    3.572174] kernel: usb usb2: Manufacturer: Linux 6.8.0',
'[    3.579445] kernel: usb usb2: SerialNumber: 0000:01:00.0',
'[    3.585473] kernel: hub 2-0:1.0: USB hub found',
'[    3.590318] kernel: hub 2-0:1.0: 4 ports detected',
'[    3.700037] kernel: dwc2 fe980000.usb: EPs: 8, dedicated fifos, 4080 entries in SPRAM',
'[    3.708514] kernel: dwc2 fe980000.usb: DWC OTG Controller',
'[    3.714771] kernel: dwc2 fe980000.usb: new USB bus registered, assigned bus number 3',
'[    3.723324] kernel: dwc2 fe980000.usb: irq 44, io mem 0xfe980000',
'[    3.729571] kernel: usb usb3: New USB device found',
'[    3.738693] kernel: usb usb3: New USB device strings: Mfr=3',
'[    3.746774] kernel: usb usb3: Product: DWC OTG Controller',
'[    3.752317] kernel: usb usb3: Manufacturer: Linux 6.8.0',
'[    3.759610] kernel: usb usb3: SerialNumber: fe980000.usb',
'[    3.765385] kernel: hub 3-0:1.0: USB hub found',
'[    3.770001] kernel: hub 3-0:1.0: 1 port detected',
'[    3.790047] kernel: usb 1-1: new high-speed USB device number 2 using xhci_hcd',
'[    3.926656] kernel: usb 1-1: New USB device found',
'[    3.936237] kernel: usb 1-1: New USB device strings: Mfr=0',
'[    3.945005] kernel: usb 1-1: Product: USB2.0 Hub',
'[    3.953088] kernel: hub 1-1:1.0: USB hub found',
'[    3.958015] kernel: hub 1-1:1.0: 4 ports detected',
'[    4.245026] kernel: usb 1-1.3: new high-speed USB device number 3 using xhci_hcd',
'[    4.330786] kernel: usb 1-1.3: New USB device found',
'[    4.340641] kernel: usb 1-1.3: New USB device strings: Mfr=0',
'[    4.349428] kernel: usb 1-1.3: Product: USB2.0 Hub',
'[    4.357445] kernel: hub 1-1.3:1.0: USB hub found',
'[    4.362913] kernel: hub 1-1.3:1.0: 4 ports detected',
'[    4.645017] kernel: usb 1-1.3.1: new low-speed USB device number 4 using xhci_hcd',
'[    4.779877] kernel: usb 1-1.3.1: New USB device found',
'[    4.789912] kernel: usb 1-1.3.1: New USB device strings: Mfr=1',
'[    4.798834] kernel: usb 1-1.3.1: Product: RPI Wired Keyboard 4',
'[    4.805355] kernel: usb 1-1.3.1: Manufacturer:',
'[    4.869629] kernel: usbcore: registered new interface driver usbhid',
'[    4.876683] kernel: usbhid: USB HID core driver',
'[    4.886995] kernel: usb 1-1.3.4: new low-speed USB device number 5 using xhci_hcd',
'[    4.895669] kernel: input:   RPI Wired Keyboard 4 as /devices/platform/scb/fd50',
'[    4.966212] kernel: hid-generic input,hidraw0: USB HID v1.11 Keyboard on usb-0000',
'[    4.979630] kernel: usb 1-1.3.4: New USB device found',
'[    4.981119] kernel: input:   RPI Wired Keyboard 4 as /devices/platform/scb/fd50',
'[    4.989640] kernel: usb 1-1.3.4: New USB device strings: Mfr=1',
'[    5.016936] kernel: usb 1-1.3.4: Product: USB Optical Mouse',
'[    5.022877] kernel: usb 1-1.3.4: Manufacturer: PixArt',
'[    5.036396] kernel: input: PixArt USB Optical Mouse as /devices/platform/scb/fd50',
'[    5.043407] kernel: hid-generic input,hidraw1: USB HID v1.11 Device on usb-0000',
'[    5.056141] kernel: hid-generic input,hidraw2: USB HID v1.11 Mouse on usb-0000',
'[    5.333002] kernel: raid6: neonx8   gen()  4325 MB/s',
'[    5.354985] kernel: raid6: neonx4   gen()  4866 MB/s',
'[    5.376976] kernel: raid6: neonx2   gen()  3981 MB/s',
'[    5.398971] kernel: raid6: neonx1   gen()  2942 MB/s',
'[    5.420974] kernel: raid6: int64x8  gen()  3042 MB/s',
'[    5.442971] kernel: raid6: int64x4  gen()  3029 MB/s',
'[    5.464973] kernel: raid6: int64x2  gen()  2862 MB/s',
'[    5.486981] kernel: raid6: int64x1  gen()  2187 MB/s',
'[    5.492249] kernel: raid6: using algorithm neonx4 gen() 4866 MB/s',
'[    5.514973] kernel: raid6: .... xor() 3272 MB/s, rmw enabled',
'[    5.520946] kernel: raid6: using neon recovery algorithm',
'[    5.530121] kernel: xor: measuring software checksum speed',
'[    5.537116] kernel:    8regs           :  8703 MB/sec',
'[    5.543580] kernel:    32regs          :  9302 MB/sec',
'[    5.551418] kernel:    arm64_neon      :  3954 MB/sec',
'[    5.556749] kernel: xor: using function: 32regs (9302 MB/sec)',
'[    5.564662] kernel: async_tx: api initialized (async)',
'[    5.770400] kernel: Btrfs loaded, zoned=yes, fsverity=no',
'[    6.028308] kernel: EXT4-fs (mmcblk0p2): INFO: recovery required on readonly filesystem',
'[    6.036943] kernel: EXT4-fs (mmcblk0p2): write access will be enabled during recovery',
'[    6.258221] kernel: EXT4-fs (mmcblk0p2): recovery complete',
'[    6.266665] kernel: EXT4-fs (mmcblk0p2): mounted filesystem 1305c13b-200a-49e8-8083-80cd01552617 ro with ordered data mode. Quota mode: none.', "[    7.008945] systemd[1]: Inserted module 'autofs4'",
'[    7.117351] systemd[1]: Detected architecture arm64.',
'[    7.130824] systemd[1]: Hostname set to <whatsuphomeslice>.',
'[    7.976807] systemd[1]: Queued start job for default target graphical.target.',
'[    8.021802] systemd[1]: Created slice system-modprobe.slice - Slice /system/modprobe.',
'[    8.035802] systemd[1]: Created slice system-serial-getty.slice - Slice /system/serial-getty.',
'[    8.048846] systemd[1]: Created slice system-systemd-fsck.slice - Slice /system/systemd-fsck.',
'[    8.061288] systemd[1]: Created slice user.slice - User and Session Slice.',
'[    8.070607] systemd[1]: Started systemd-ask-password-wall.path - Forward Password Requests to Wall Directory Watch.',
'[    8.084139] systemd[1]: Set up automount proc-sys-fs-binfmt_misc.automount - Arbitrary Executable File Formats File System Automount Point.',
'[    8.099195] systemd[1]: Expecting device dev-disk-by-label-system-boot.device - /dev/disk/by-label/system-boot...',
'[    8.112456] systemd[1]: Expecting device dev-ttyS0.device - /dev/ttyS0...',
'[    8.121653] systemd[1]: Expecting device sys-subsystem-net-devices-wlan0.device - /sys/subsystem/net/devices/wlan0...',
'[    8.134855] systemd[1]: Reached target integritysetup.target - Local Integrity Protected Volumes.',
'[    8.146397] systemd[1]: Reached target slices.target - Slice Units.',
'[    8.155236] systemd[1]: Reached target snapd.mounts-pre.target - Mounting snaps.',
'[    8.165271] systemd[1]: Reached target swap.target - Swaps.',
'[    8.173466] systemd[1]: Reached target veritysetup.target - Local Verity Protected Volumes.',
'[    8.184864] systemd[1]: Listening on dm-event.socket - Device-mapper event daemon FIFOs.',
'[    8.196245] systemd[1]: Listening on lvm2-lvmpolld.socket - LVM2 poll daemon socket.',
'[    8.206901] systemd[1]: multipathd.socket - multipathd control socket was skipped because of an unmet condition check (ConditionKernelCommandLine=!multipath=off).',
'[    8.223502] systemd[1]: Listening on syslog.socket - Syslog Socket.',
'[    8.233004] systemd[1]: Listening on systemd-fsckd.socket - fsck to fsckd communication Socket.',
'[    8.244778] systemd[1]: Listening on systemd-initctl.socket - initctl Compatibility Named Pipe.',
'[    8.256881] systemd[1]: Listening on systemd-journald-dev-log.socket - Journal Socket (/dev/log).',
'[    8.269150] systemd[1]: Listening on systemd-journald.socket - Journal Socket.',
'[    8.279735] systemd[1]: Listening on systemd-networkd.socket - Network Service Netlink Socket.',
'[    8.291244] systemd[1]: systemd-pcrextend.socket - TPM2 PCR Extension (Varlink) was skipped because of an unmet condition check (ConditionSecurity=measured-uki).',
'[    8.307838] systemd[1]: Listening on systemd-udevd-control.socket - udev Control Socket.',
'[    8.319395] systemd[1]: Listening on systemd-udevd-kernel.socket - udev Kernel Socket.',
'[    8.344373] systemd[1]: Mounting dev-hugepages.mount - Huge Pages File System...',
'[    8.367362] systemd[1]: Mounting dev-mqueue.mount - POSIX Message Queue File System...',
'[    8.382884] systemd[1]: Mounting sys-kernel-debug.mount - Kernel Debug File System...',
'[    8.398106] systemd[1]: Mounting sys-kernel-tracing.mount - Kernel Trace File System...',
'[    8.413778] systemd[1]: Starting keyboard-setup.service - Set the console keyboard layout...',
'[    8.429754] systemd[1]: Starting kmod-static-nodes.service - Create List of Static Device Nodes...',
'[    8.446547] systemd[1]: Starting lvm2-monitor.service - Monitoring of LVM2 mirrors, snapshots etc. using dmeventd or progress polling...',
'[    8.466806] systemd[1]: Starting modprobe@configfs.service - Load Kernel Module configfs...',
'[    8.484458] systemd[1]: Starting modprobe@dm_mod.service - Load Kernel Module dm_mod...',
'[    8.500953] systemd[1]: Starting modprobe@drm.service - Load Kernel Module drm...',
'[    8.523245] systemd[1]: Starting modprobe@efi_pstore.service - Load Kernel Module efi_pstore...',
'[    8.540208] systemd[1]: Starting modprobe@fuse.service - Load Kernel Module fuse...',
'[    8.568009] systemd[1]: Starting modprobe@loop.service - Load Kernel Module loop...',
'[    8.579790] kernel: device-mapper: core: CONFIG_IMA_DISABLE_HTABLE is disabled. Duplicate IMA measurements will not be recorded in the IMA log.',
'[    8.579939] kernel: device-mapper: uevent: version 1.0.3',
'[    8.580290] kernel: device-mapper: ioctl: 4.48.0-ioctl (2023-03-01) initialised: dm-devel@redhat.com',
'[    8.610835] systemd[1]: netplan-ovs-cleanup.service - OpenVSwitch configuration for cleanup was skipped because of an unmet condition check (ConditionFileIsExecutable=/usr/bin/ovs-vsctl).',
'[    8.611820] kernel: fuse: init (API version 7.39)',
'[    8.618690] systemd[1]: Starting systemd-fsck-root.service - File System Check on Root Device...',
'[    8.654652] systemd[1]: Starting systemd-journald.service - Journal Service...',
'[    8.681671] systemd[1]: Starting systemd-modules-load.service - Load Kernel Modules...',
'[    8.693011] systemd[1]: systemd-pcrmachine.service - TPM2 PCR Machine ID Measurement was skipped because of an unmet condition check (ConditionSecurity=measured-uki).',
'[    8.710326] systemd[1]: systemd-tpm2-setup-early.service - TPM2 SRK Setup (Early) was skipped because of an unmet condition check (ConditionSecurity=measured-uki).',
'[    8.743361] systemd[1]: Starting systemd-udev-trigger.service - Coldplug All udev Devices...',
'[    8.757310] systemd-journald[363]: Collecting audit messages is disabled.',
'[    8.776535] systemd[1]: Mounted dev-hugepages.mount - Huge Pages File System.',
'[    8.787621] systemd[1]: Mounted dev-mqueue.mount - POSIX Message Queue File System.',
'[    8.799069] systemd[1]: Mounted sys-kernel-debug.mount - Kernel Debug File System.',
'[    8.810398] systemd[1]: Mounted sys-kernel-tracing.mount - Kernel Trace File System.',
'[    8.823490] systemd[1]: Finished keyboard-setup.service - Set the console keyboard layout.',
'[    8.836845] systemd[1]: Finished kmod-static-nodes.service - Create List of Static Device Nodes.',
'[    8.850800] systemd[1]: Finished lvm2-monitor.service - Monitoring of LVM2 mirrors, snapshots etc. using dmeventd or progress polling.',
'[    8.868938] systemd[1]: modprobe@configfs.service: Deactivated successfully.',
'[    8.879320] systemd[1]: Finished modprobe@configfs.service - Load Kernel Module configfs.',
'[    8.891251] systemd[1]: Started systemd-journald.service - Journal Service.',
'[    9.079291] kernel: EXT4-fs (mmcblk0p2): re-mounted 1305c13b-200a-49e8-8083-80cd01552617 r/w. Quota mode: none.',
'[    9.156538] systemd-journald[363]: Received client request to flush runtime journal.',
'[    9.355866] kernel: loop0: detected capacity change from 0 to 68920',
'[    9.358064] kernel: loop1: detected capacity change from 0 to 69032',
'[   10.274118] kernel: rpi-gpiomem fe200000.gpiomem: window base 0xfe200000 size 0x00001000',
'[   10.282375] kernel: rpi-gpiomem fe200000.gpiomem: initialised 1 regions as /dev/gpiomem',
'[   10.293852] kernel: vc_sm_cma: module is from the staging directory, the quality is unknown, you have been warned.',
'[   10.293873] kernel: vc_sm_cma: module verification failed: signature and/or required key missing - tainting kernel',
'[   10.298305] kernel: bcm2835_vc_sm_cma_probe: Videocore shared memory driver',
'[   10.298328] kernel: [vc_sm_connected_init]: start',
'[   10.306808] kernel: [vc_sm_connected_init]: installed successfully',
'[   10.318712] kernel: usbcore: registered new device driver onboard-usb-hub',
'[   10.319875] kernel: usb 1-1.3.1: USB disconnect, device number 4',
'[   10.337772] kernel: mc: Linux media interface: v0.10',
'[   10.394333] kernel: snd_bcm2835: module is from the staging directory, the quality is unknown, you have been warned.',
'[   10.418033] kernel: bcm2835_audio bcm2835_audio: card created with 8 channels',
'[   10.418174] kernel: videodev: Linux video capture interface: v2.00',
'[   10.480310] kernel: usb 1-1.3.4: USB disconnect, device number 5',
'[   10.484465] kernel: bcm2835_mmal_vchiq: module is from the staging directory, the quality is unknown, you have been warned.',
'[   10.493562] kernel: bcm2835_v4l2: module is from the staging directory, the quality is unknown, you have been warned.',
'[   10.515439] kernel: bcm2835_codec: module is from the staging directory, the quality is unknown, you have been warned.',
'[   10.518375] kernel: bcm2835_isp: module is from the staging directory, the quality is unknown, you have been warned.',
'[   10.525576] kernel: rpivid_hevc: module is from the staging directory, the quality is unknown, you have been warned.',
'[   10.529328] kernel: [drm] Initialized v3d 1.0.0 20180419 for fec00000.v3d on minor 0',
'[   10.534111] kernel: bcm2835-isp bcm2835-isp: Device node output[0] registered as /dev/video13',
'[   10.541888] kernel: bcm2835-isp bcm2835-isp: Device node capture[0] registered as /dev/video14',
'[   10.542458] kernel: rpivid feb10000.codec: Device registered as /dev/video19',
'[   10.545776] kernel: bcm2835-isp bcm2835-isp: Device node capture[1] registered as /dev/video15',
'[   10.548146] kernel: bcm2835-codec bcm2835-codec: Device registered as /dev/video10',
'[   10.548186] kernel: bcm2835-codec bcm2835-codec: Loaded V4L2 decode',
'[   10.556250] kernel: bcm2835-isp bcm2835-isp: Device node stats[2] registered as /dev/video16',
'[   10.556297] kernel: bcm2835-isp bcm2835-isp: Register output node 0 with media controller',
'[   10.556317] kernel: bcm2835-isp bcm2835-isp: Register capture node 1 with media controller',
'[   10.556325] kernel: bcm2835-isp bcm2835-isp: Register capture node 2 with media controller',
'[   10.556332] kernel: bcm2835-isp bcm2835-isp: Register capture node 3 with media controller',
'[   10.556920] kernel: bcm2835-codec bcm2835-codec: Device registered as /dev/video11',
'[   10.557004] kernel: bcm2835-codec bcm2835-codec: Loaded V4L2 encode',
'[   10.562106] kernel: bcm2835-codec bcm2835-codec: Device registered as /dev/video12',
'[   10.562152] kernel: bcm2835-codec bcm2835-codec: Loaded V4L2 isp',
'[   10.567629] kernel: Bluetooth: Core ver 2.22',
'[   10.569040] kernel: NET: Registered PF_BLUETOOTH protocol family',
'[   10.569057] kernel: Bluetooth: HCI device and connection manager initialized',
'[   10.569073] kernel: Bluetooth: HCI socket layer initialized',
'[   10.569081] kernel: Bluetooth: L2CAP socket layer initialized',
'[   10.569105] kernel: Bluetooth: SCO socket layer initialized',
'[   10.574901] kernel: bcm2835-codec bcm2835-codec: Device registered as /dev/video18',
'[   10.574942] kernel: bcm2835-codec bcm2835-codec: Loaded V4L2 image_fx',
'[   10.576222] kernel: bcm2835-isp bcm2835-isp: Device node output[0] registered as /dev/video20',
'[   10.577856] kernel: bcm2835-isp bcm2835-isp: Device node capture[0] registered as /dev/video21',
'[   10.582648] kernel: brcmfmac: F1 signature read @0x18000000=0x15264345',
'[   10.587301] kernel: bcm2835-codec bcm2835-codec: Device registered as /dev/video31',
'[   10.587351] kernel: bcm2835-codec bcm2835-codec: Loaded V4L2 encode_image',
'[   10.596035] kernel: brcmfmac: brcmf_fw_alloc_request: using brcm/brcmfmac43455-sdio for chip BCM4345/6',
'[   10.599684] kernel: usbcore: registered new interface driver brcmfmac',
'[   10.603279] kernel: bcm2835-isp bcm2835-isp: Device node capture[1] registered as /dev/video22',
'[   10.616196] kernel: bcm2835-isp bcm2835-isp: Device node stats[2] registered as /dev/video23',
'[   10.616225] kernel: bcm2835-isp bcm2835-isp: Register output node 0 with media controller',
'[   10.616237] kernel: bcm2835-isp bcm2835-isp: Register capture node 1 with media controller',
'[   10.616245] kernel: bcm2835-isp bcm2835-isp: Register capture node 2 with media controller',
'[   10.616251] kernel: bcm2835-isp bcm2835-isp: Register capture node 3 with media controller',
'[   10.633064] kernel: bcm2835-isp bcm2835-isp: Loaded V4L2 bcm2835-isp',
'[   10.784078] kernel: Bluetooth: HCI UART driver ver 2.3',
'[   10.784130] kernel: Bluetooth: HCI UART protocol H4 registered',
'[   10.784137] kernel: Bluetooth: HCI UART protocol BCSP registered',
'[   10.784357] kernel: Bluetooth: HCI UART protocol LL registered',
'[   10.784388] kernel: Bluetooth: HCI UART protocol ATH3K registered',
'[   10.787014] kernel: Bluetooth: HCI UART protocol Three-wire (H5) registered',
'[   10.787181] kernel: Bluetooth: HCI UART protocol Intel registered',
'[   10.787358] kernel: Bluetooth: HCI UART protocol Broadcom registered',
'[   10.787420] kernel: Bluetooth: HCI UART protocol QCA registered',
'[   10.787426] kernel: Bluetooth: HCI UART protocol AG6XX registered',
'[   10.787468] kernel: Bluetooth: HCI UART protocol Marvell registered',
'[   10.788896] kernel: hci_uart_bcm serial0-0: supply vbat not found, using dummy regulator',
'[   10.789143] kernel: hci_uart_bcm serial0-0: supply vddio not found, using dummy regulator',
'[   10.808607] kernel: Console: switching to colour dummy device 80x25',
'[   10.841789] kernel: vc4-drm gpu: bound fe400000.hvs (ops vc4_hvs_ops [vc4])',
'[   10.843883] kernel: hub 1-1.3:1.0: USB hub found',
'[   10.844304] kernel: hub 1-1.3:1.0: 4 ports detected',
'[   10.845125] kernel: Registered IR keymap rc-cec',
'[   10.845243] kernel: rc rc0: vc4-hdmi-0 as /devices/platform/soc/fef00700.hdmi/rc/rc0',
'[   10.845340] kernel: input: vc4-hdmi-0 as /devices/platform/soc/fef00700.hdmi/rc/rc0/input3',
'[   10.850115] kernel: input: vc4-hdmi-0 HDMI Jack as /devices/platform/soc/fef00700.hdmi/sound/card1/input4',
'[   10.853114] kernel: vc4-drm gpu: bound fef00700.hdmi (ops vc4_hdmi_ops [vc4])',
'[   10.858736] kernel: Registered IR keymap rc-cec',
'[   10.858867] kernel: rc rc1: vc4-hdmi-1 as /devices/platform/soc/fef05700.hdmi/rc/rc1',
'[   10.860322] kernel: input: vc4-hdmi-1 as /devices/platform/soc/fef05700.hdmi/rc/rc1/input5',
'[   10.872199] kernel: input: vc4-hdmi-1 HDMI Jack as /devices/platform/soc/fef05700.hdmi/sound/card2/input6',
'[   10.875160] kernel: vc4-drm gpu: bound fef05700.hdmi (ops vc4_hdmi_ops [vc4])',
'[   10.875463] kernel: vc4-drm gpu: bound fe004000.txp (ops vc4_txp_ops [vc4])',
'[   10.875626] kernel: vc4-drm gpu: bound fe206000.pixelvalve (ops vc4_crtc_ops [vc4])',
'[   10.875774] kernel: vc4-drm gpu: bound fe207000.pixelvalve (ops vc4_crtc_ops [vc4])',
'[   10.875920] kernel: vc4-drm gpu: bound fe20a000.pixelvalve (ops vc4_crtc_ops [vc4])',
'[   10.878218] kernel: vc4-drm gpu: bound fe216000.pixelvalve (ops vc4_crtc_ops [vc4])',
'[   10.878471] kernel: vc4-drm gpu: bound fec12000.pixelvalve (ops vc4_crtc_ops [vc4])',
'[   10.894099] kernel: [drm] Initialized vc4 0.0.0 20140616 for gpu on minor 1',
'[   10.971223] kernel: Console: switching to colour frame buffer device 170x48',
'[   10.991282] kernel: vc4-drm gpu: [drm] fb0: vc4drmfb frame buffer device',
'[   11.012892] kernel: hub 1-1.3:1.0: USB hub found',
'[   11.013776] kernel: hub 1-1.3:1.0: 4 ports detected',
'[   11.035001] kernel: brcmfmac_wcc: brcmf_wcc_attach: executing',
'[   11.044880] kernel: brcmfmac: brcmf_c_process_txcap_blob: no txcap_blob available (err=-2)',
'[   11.299867] kernel: audit: type=1400 apparmor="STATUS" operation="profile_load" profile="unconfined" name=4D6F6E676F444220436F6D70617373 pid=583 comm="apparmor_parser"',
'[   11.302276] kernel: audit: type=1400 apparmor="STATUS" operation="profile_load" profile="unconfined" name="QtWebEngineProcess" pid=584 comm="apparmor_parser"',
'[   11.302623] kernel: audit: type=1400 apparmor="STATUS" operation="profile_load" profile="unconfined" name="1password" pid=580 comm="apparmor_parser"',
'[   11.303125] kernel: audit: type=1400 apparmor="STATUS" operation="profile_load" profile="unconfined" name="Discord" pid=581 comm="apparmor_parser"',
'[   11.317356] kernel: audit: type=1400 apparmor="STATUS" operation="profile_load" profile="unconfined" name="brave" pid=591 comm="apparmor_parser"',
'[   11.319863] kernel: audit: type=1400 apparmor="STATUS" operation="profile_load" profile="unconfined" name="buildah" pid=592 comm="apparmor_parser"',
'[   11.320605] kernel: usb 1-1.3.1: New USB device found, idVendor=04d9, idProduct=0006, bcdDevice= 1.50',
'[   11.320631] kernel: usb 1-1.3.1: New USB device strings: Mfr=1, Product=2, SerialNumber=0',
'[   11.320638] kernel: usb 1-1.3.1: Product: RPI Wired Keyboard 4',
'[   11.320644] kernel: usb 1-1.3.1: Manufacturer:',
'[   11.322916] kernel: audit: type=1400 apparmor="STATUS" operation="profile_load" profile="unconfined" name="busybox" pid=593 comm="apparmor_parser"',
'[   11.330874] kernel: audit: type=1400 apparmor="STATUS" operation="profile_load" profile="unconfined" name="cam" pid=594 comm="apparmor_parser"',
'[   11.342441] kernel: audit: type=1400 apparmor="STATUS" operation="profile_load" profile="unconfined" name="chrome" pid=599 comm="apparmor_parser"',
'[   11.356490] kernel: audit: type=1400 audit(1713880934.418:11): apparmor="STATUS" operation="profile_load" profile="unconfined" name="ch-checkns" pid=596 comm="apparmor_parser"',
'[   11.404509] kernel: hid-generic 0003:04D9:0006.0004: input,hidraw0: USB HID v1.11 Keyboard [  RPI Wired Keyboard 4] on usb-0000:01:00.0-1.3.1/input0',
'[   11.505075] kernel: brcmfmac: brcmf_cfg80211_set_power_mgmt: power save enabled',
'[   11.545998] kernel: usb 1-1.3.4: new low-speed USB device number 7 using xhci_hcd',
'[   11.632397] kernel: usb 1-1.3.4: New USB device found',
'[   11.632420] kernel: usb 1-1.3.4: New USB device strings: SerialNumber=0',
'[   11.632427] kernel: usb 1-1.3.4: Product: USB Optical Mouse',
'[   11.641406] kernel: input: PixArt USB Optical Mouse as /devices/platform/scb/fd500000.pcie/pci0000:00/0000:00:00.0/0000',
'[   11.641808] kernel: hid-generic 0003:093A:2510.0006: input,hidraw2: USB HID v1.11 Mouse [PixArt USB Optical Mouse] on usb-0000:01:00.0-1.3.4/input0',
'[   11.908977] kernel: Bluetooth: hci0: BCM: features 0x2f',
'[   11.910481] kernel: Bluetooth: hci0: BCM43455 37.4MHz Raspberry Pi 3+-0190',
'[   11.910509] kernel: Bluetooth: hci0: BCM4345C0 (003.001.025) build 0382',
'[   18.479791] kernel: kauditd_printk_skb: 97 callbacks suppressed',
'[   18.479808] kernel: audit: type=1400 audit(1718089790.051:109): apparmor="STATUS" operation="profile_replace" info="same as current profile, skipping" profile="unconfined"',
'[   20.606079] kernel: NET: Registered PF_QIPCRTR protocol family',
'[   22.645309] kernel: loop2: detected capacity change from 0 to 8']